▲ Next.js 16.3.0 (Turbopack)
- Environments: .env.local, .env
✓ Running next.config.mjs took 15ms
- Experiments (use with caution):
  · serverActions

  Creating an optimized production build ...
✓ Compiled successfully in 4.2s
  Running TypeScript ...
  Finished TypeScript in 8ms ...
  Collecting page data using 7 workers ...
  Generating static pages using 7 workers (0/14) ...
  Generating static pages using 7 workers (3/14) 
  Generating static pages using 7 workers (6/14) 
  Generating static pages using 7 workers (10/14) 
✓ Generating static pages using 7 workers (14/14) in 486ms
  Finalizing page optimization ...

Route (app)
┌ ○ /
├ ○ /_not-found
├ ○ /admin
├ ○ /admin/agents
├ ○ /admin/audit
├ ○ /admin/quotas
├ ○ /agents
├ ƒ /api/agents
├ ƒ /api/agents/[id]
├ ƒ /api/audit
├ ƒ /api/auth/login
├ ƒ /api/auth/login2
├ ƒ /api/auth/logout
├ ƒ /api/auth/me
├ ƒ /api/auth/profile
├ ƒ /api/auth/refresh
├ ƒ /api/auth/register
├ ƒ /api/auth/status
├ ƒ /api/backend
├ ƒ /api/dates
├ ƒ /api/debug/session-center-probe
├ ƒ /api/debug/svp-session-test
├ ƒ /api/debug/wizard-intercept
├ ƒ /api/exam/cancel
├ ƒ /api/exam/certificate/[id]
├ ƒ /api/exam/peek-time
├ ƒ /api/exam/rebook
├ ƒ /api/exam/reschedule
├ ƒ /api/exam/results
├ ƒ /api/exam/sessions
├ ƒ /api/health
├ ƒ /api/payments/webhook
├ ƒ /api/quota
├ ƒ /api/search
├ ƒ /api/seed
├ ƒ /api/svp-session
├ ƒ /api/takamol/categories
├ ƒ /api/takamol/centers
├ ƒ /api/takamol/dates
├ ƒ /api/takamol/reservation
├ ƒ /api/takamol/sessions
├ ƒ /api/takamol/ticket
├ ○ /dashboard
├ ○ /login
└ ○ /register


○  (Static)   prerendered as static content
ƒ  (Dynamic)  server-rendered on demand

